MSBuild version 17.14.40+3e7442088 for .NET Framework

C:\Program Files\Microsoft Visual Studio\2022\Community\MSBuild\Microsoft\VC\v170\Microsoft.CppBuild.targets(523,5): warning MSB8004: Intermediate Directory does not end with a trailing slash.  This build instance will add the slash as it is required to allow proper evaluation of the Intermediate Directory. [C:\Users\ncomp\source\repos\external2\Seraph\Seraph.vcxproj]
C:\Program Files\Microsoft Visual Studio\2022\Community\MSBuild\Microsoft\VC\v170\Microsoft.CppBuild.targets(524,5): warning MSB8004: Output Directory does not end with a trailing slash.  This build instance will add the slash as it is required to allow proper evaluation of the Output Directory. [C:\Users\ncomp\source\repos\external2\Seraph\Seraph.vcxproj]
C:\Program Files\Microsoft Visual Studio\2022\Community\MSBuild\Microsoft\VC\v170\Microsoft.CppBuild.targets(538,5): warning MSB8028: The intermediate directory (C:\Users\ncomp\source\repos\external2\build\shit\) contains files shared from another project (celex.vcxproj).  This can lead to incorrect clean and rebuild behavior. [C:\Users\ncomp\source\repos\external2\Seraph\Seraph.vcxproj]
  Assembling Memory\Luck.asm...
  MemoryManager.cpp
C:\Users\ncomp\source\repos\external2\Seraph\Memory\MemoryManager.cpp(78,83): warning C4244: 'argument': conversion from 'uintptr_t' to 'ULONG', possible loss of data [C:\Users\ncomp\source\repos\external2\Seraph\Seraph.vcxproj]
  main.cpp
C:\Users\ncomp\source\repos\external2\Seraph\rbx\SDK\sdk.h(209,20): warning C4244: 'return': conversion from 'double' to 'float', possible loss of data [C:\Users\ncomp\source\repos\external2\Seraph\Seraph.vcxproj]
  (compiling source file 'main.cpp')
  
C:\Users\ncomp\source\repos\external2\Seraph\rbx\SDK\sdk.h(219,64): warning C4244: 'argument': conversion from 'double' to 'T', possible loss of data [C:\Users\ncomp\source\repos\external2\Seraph\Seraph.vcxproj]
C:\Users\ncomp\source\repos\external2\Seraph\rbx\SDK\sdk.h(219,64): warning C4244:         with [C:\Users\ncomp\source\repos\external2\Seraph\Seraph.vcxproj]
C:\Users\ncomp\source\repos\external2\Seraph\rbx\SDK\sdk.h(219,64): warning C4244:         [ [C:\Users\ncomp\source\repos\external2\Seraph\Seraph.vcxproj]
C:\Users\ncomp\source\repos\external2\Seraph\rbx\SDK\sdk.h(219,64): warning C4244:             T=float [C:\Users\ncomp\source\repos\external2\Seraph\Seraph.vcxproj]
C:\Users\ncomp\source\repos\external2\Seraph\rbx\SDK\sdk.h(219,64): warning C4244:         ] [C:\Users\ncomp\source\repos\external2\Seraph\Seraph.vcxproj]
  (compiling source file 'main.cpp')
  
C:\Users\ncomp\source\repos\external2\Seraph\features\esp.h(960,39): warning C4244: 'initializing': conversion from 'ImU32' to 'float', possible loss of data [C:\Users\ncomp\source\repos\external2\Seraph\Seraph.vcxproj]
  (compiling source file 'main.cpp')
  
C:\Users\ncomp\source\repos\external2\Seraph\features\esp.h(960,37): warning C4244: 'initializing': conversion from 'ImU32' to 'const float', possible loss of data [C:\Users\ncomp\source\repos\external2\Seraph\Seraph.vcxproj]
  (compiling source file 'main.cpp')
  
C:\Users\ncomp\source\repos\external2\Seraph\features\esp.h(973,53): warning C4244: 'argument': conversion from 'const float' to 'ImU32', possible loss of data [C:\Users\ncomp\source\repos\external2\Seraph\Seraph.vcxproj]
  (compiling source file 'main.cpp')
  
C:\Users\ncomp\source\repos\external2\Seraph\features\crosshair.h(19,16): warning C4244: 'initializing': conversion from 'double' to 'float', possible loss of data [C:\Users\ncomp\source\repos\external2\Seraph\Seraph.vcxproj]
  (compiling source file 'main.cpp')
  
  imgui.cpp
C:\Users\ncomp\source\repos\external2\Seraph\rbx\SDK\sdk.h(209,20): warning C4244: 'return': conversion from 'double' to 'float', possible loss of data [C:\Users\ncomp\source\repos\external2\Seraph\Seraph.vcxproj]
  (compiling source file 'overlay/imgui/imgui.cpp')
  
C:\Users\ncomp\source\repos\external2\Seraph\rbx\SDK\sdk.h(219,64): warning C4244: 'argument': conversion from 'double' to 'T', possible loss of data [C:\Users\ncomp\source\repos\external2\Seraph\Seraph.vcxproj]
C:\Users\ncomp\source\repos\external2\Seraph\rbx\SDK\sdk.h(219,64): warning C4244:         with [C:\Users\ncomp\source\repos\external2\Seraph\Seraph.vcxproj]
C:\Users\ncomp\source\repos\external2\Seraph\rbx\SDK\sdk.h(219,64): warning C4244:         [ [C:\Users\ncomp\source\repos\external2\Seraph\Seraph.vcxproj]
C:\Users\ncomp\source\repos\external2\Seraph\rbx\SDK\sdk.h(219,64): warning C4244:             T=float [C:\Users\ncomp\source\repos\external2\Seraph\Seraph.vcxproj]
C:\Users\ncomp\source\repos\external2\Seraph\rbx\SDK\sdk.h(219,64): warning C4244:         ] [C:\Users\ncomp\source\repos\external2\Seraph\Seraph.vcxproj]
  (compiling source file 'overlay/imgui/imgui.cpp')
  
C:\Users\ncomp\source\repos\external2\Seraph\overlay\imgui\imgui.cpp(4993,53): warning C4244: 'argument': conversion from 'int' to 'float', possible loss of data [C:\Users\ncomp\source\repos\external2\Seraph\Seraph.vcxproj]
C:\Users\ncomp\source\repos\external2\Seraph\overlay\imgui\imgui.cpp(5015,47): warning C4244: 'argument': conversion from 'int' to 'float', possible loss of data [C:\Users\ncomp\source\repos\external2\Seraph\Seraph.vcxproj]
C:\Users\ncomp\source\repos\external2\Seraph\overlay\imgui\imgui.cpp(5018,47): warning C4244: 'argument': conversion from 'int' to 'float', possible loss of data [C:\Users\ncomp\source\repos\external2\Seraph\Seraph.vcxproj]
C:\Users\ncomp\source\repos\external2\Seraph\overlay\imgui\imgui.cpp(5087,53): warning C4244: 'argument': conversion from 'int' to 'float', possible loss of data [C:\Users\ncomp\source\repos\external2\Seraph\Seraph.vcxproj]
C:\Users\ncomp\source\repos\external2\Seraph\overlay\imgui\imgui.cpp(5110,32): warning C4244: 'argument': conversion from 'int' to 'float', possible loss of data [C:\Users\ncomp\source\repos\external2\Seraph\Seraph.vcxproj]
C:\Users\ncomp\source\repos\external2\Seraph\overlay\imgui\imgui.cpp(5117,47): warning C4244: 'argument': conversion from 'int' to 'float', possible loss of data [C:\Users\ncomp\source\repos\external2\Seraph\Seraph.vcxproj]
  imgui_demo.cpp
  imgui_draw.cpp
  imgui_impl_dx11.cpp
  imgui_impl_win32.cpp
  imgui_tables.cpp
  imgui_widgets.cpp
C:\Users\ncomp\source\repos\external2\Seraph\overlay\imgui\imgui_widgets.cpp(1381,157): warning C4244: 'argument': conversion from 'double' to 'float', possible loss of data [C:\Users\ncomp\source\repos\external2\Seraph\Seraph.vcxproj]
C:\Users\ncomp\source\repos\external2\Seraph\overlay\imgui\imgui_widgets.cpp(1381,129): warning C4244: 'argument': conversion from 'double' to 'float', possible loss of data [C:\Users\ncomp\source\repos\external2\Seraph\Seraph.vcxproj]
C:\Users\ncomp\source\repos\external2\Seraph\overlay\imgui\imgui_widgets.cpp(1381,93): warning C4244: 'argument': conversion from 'double' to 'float', possible loss of data [C:\Users\ncomp\source\repos\external2\Seraph\Seraph.vcxproj]
C:\Users\ncomp\source\repos\external2\Seraph\overlay\imgui\imgui_widgets.cpp(1381,65): warning C4244: 'argument': conversion from 'double' to 'float', possible loss of data [C:\Users\ncomp\source\repos\external2\Seraph\Seraph.vcxproj]
C:\Users\ncomp\source\repos\external2\Seraph\overlay\imgui\imgui_widgets.cpp(1385,161): warning C4244: 'argument': conversion from 'double' to 'float', possible loss of data [C:\Users\ncomp\source\repos\external2\Seraph\Seraph.vcxproj]
C:\Users\ncomp\source\repos\external2\Seraph\overlay\imgui\imgui_widgets.cpp(1385,133): warning C4244: 'argument': conversion from 'double' to 'float', possible loss of data [C:\Users\ncomp\source\repos\external2\Seraph\Seraph.vcxproj]
C:\Users\ncomp\source\repos\external2\Seraph\overlay\imgui\imgui_widgets.cpp(1385,97): warning C4244: 'argument': conversion from 'double' to 'float', possible loss of data [C:\Users\ncomp\source\repos\external2\Seraph\Seraph.vcxproj]
C:\Users\ncomp\source\repos\external2\Seraph\overlay\imgui\imgui_widgets.cpp(1385,69): warning C4244: 'argument': conversion from 'double' to 'float', possible loss of data [C:\Users\ncomp\source\repos\external2\Seraph\Seraph.vcxproj]
C:\Users\ncomp\source\repos\external2\Seraph\overlay\imgui\imgui_widgets.cpp(1412,80): warning C4305: 'argument': truncation from 'double' to 'float' [C:\Users\ncomp\source\repos\external2\Seraph\Seraph.vcxproj]
C:\Users\ncomp\source\repos\external2\Seraph\overlay\imgui\imgui_widgets.cpp(1539,119): warning C4244: 'argument': conversion from 'double' to 'float', possible loss of data [C:\Users\ncomp\source\repos\external2\Seraph\Seraph.vcxproj]
C:\Users\ncomp\source\repos\external2\Seraph\overlay\imgui\imgui_widgets.cpp(1539,100): warning C4244: 'argument': conversion from 'double' to 'float', possible loss of data [C:\Users\ncomp\source\repos\external2\Seraph\Seraph.vcxproj]
C:\Users\ncomp\source\repos\external2\Seraph\overlay\imgui\imgui_widgets.cpp(1539,73): warning C4244: 'argument': conversion from 'double' to 'float', possible loss of data [C:\Users\ncomp\source\repos\external2\Seraph\Seraph.vcxproj]
C:\Users\ncomp\source\repos\external2\Seraph\overlay\imgui\imgui_widgets.cpp(1539,54): warning C4244: 'argument': conversion from 'double' to 'float', possible loss of data [C:\Users\ncomp\source\repos\external2\Seraph\Seraph.vcxproj]
C:\Users\ncomp\source\repos\external2\Seraph\overlay\imgui\imgui_widgets.cpp(1579,24): warning C4244: 'initializing': conversion from 'float' to 'int', possible loss of data [C:\Users\ncomp\source\repos\external2\Seraph\Seraph.vcxproj]
C:\Users\ncomp\source\repos\external2\Seraph\overlay\imgui\imgui_widgets.cpp(1608,86): warning C4244: 'argument': conversion from 'const float' to 'int', possible loss of data [C:\Users\ncomp\source\repos\external2\Seraph\Seraph.vcxproj]
C:\Users\ncomp\source\repos\external2\Seraph\overlay\imgui\imgui_widgets.cpp(1608,70): warning C4244: 'argument': conversion from 'double' to 'int', possible loss of data [C:\Users\ncomp\source\repos\external2\Seraph\Seraph.vcxproj]
C:\Users\ncomp\source\repos\external2\Seraph\overlay\imgui\imgui_widgets.cpp(1608,50): warning C4244: 'argument': conversion from 'float' to 'int', possible loss of data [C:\Users\ncomp\source\repos\external2\Seraph\Seraph.vcxproj]
C:\Users\ncomp\source\repos\external2\Seraph\overlay\imgui\imgui_widgets.cpp(1609,83): warning C4244: 'argument': conversion from 'double' to 'float', possible loss of data [C:\Users\ncomp\source\repos\external2\Seraph\Seraph.vcxproj]
C:\Users\ncomp\source\repos\external2\Seraph\overlay\imgui\imgui_widgets.cpp(1965,66): warning C4244: 'argument': conversion from 'int' to 'float', possible loss of data [C:\Users\ncomp\source\repos\external2\Seraph\Seraph.vcxproj]
C:\Users\ncomp\source\repos\external2\Seraph\overlay\imgui\imgui_widgets.cpp(1965,119): warning C4244: 'argument': conversion from 'int' to 'float', possible loss of data [C:\Users\ncomp\source\repos\external2\Seraph\Seraph.vcxproj]
C:\Users\ncomp\source\repos\external2\Seraph\overlay\imgui\imgui_widgets.cpp(1965,107): warning C4305: 'argument': truncation from 'double' to 'float' [C:\Users\ncomp\source\repos\external2\Seraph\Seraph.vcxproj]
C:\Users\ncomp\source\repos\external2\Seraph\overlay\imgui\imgui_widgets.cpp(3364,63): warning C4305: 'argument': truncation from 'double' to 'float' [C:\Users\ncomp\source\repos\external2\Seraph\Seraph.vcxproj]
  renderer.cpp
C:\Users\ncomp\source\repos\external2\Seraph\rbx\SDK\sdk.h(209,20): warning C4244: 'return': conversion from 'double' to 'float', possible loss of data [C:\Users\ncomp\source\repos\external2\Seraph\Seraph.vcxproj]
  (compiling source file 'overlay/renderer.cpp')
  
C:\Users\ncomp\source\repos\external2\Seraph\rbx\SDK\sdk.h(219,64): warning C4244: 'argument': conversion from 'double' to 'T', possible loss of data [C:\Users\ncomp\source\repos\external2\Seraph\Seraph.vcxproj]
C:\Users\ncomp\source\repos\external2\Seraph\rbx\SDK\sdk.h(219,64): warning C4244:         with [C:\Users\ncomp\source\repos\external2\Seraph\Seraph.vcxproj]
C:\Users\ncomp\source\repos\external2\Seraph\rbx\SDK\sdk.h(219,64): warning C4244:         [ [C:\Users\ncomp\source\repos\external2\Seraph\Seraph.vcxproj]
C:\Users\ncomp\source\repos\external2\Seraph\rbx\SDK\sdk.h(219,64): warning C4244:             T=float [C:\Users\ncomp\source\repos\external2\Seraph\Seraph.vcxproj]
C:\Users\ncomp\source\repos\external2\Seraph\rbx\SDK\sdk.h(219,64): warning C4244:         ] [C:\Users\ncomp\source\repos\external2\Seraph\Seraph.vcxproj]
  (compiling source file 'overlay/renderer.cpp')
  
C:\Users\ncomp\source\repos\external2\Seraph\features\esp.h(960,39): warning C4244: 'initializing': conversion from 'ImU32' to 'float', possible loss of data [C:\Users\ncomp\source\repos\external2\Seraph\Seraph.vcxproj]
  (compiling source file 'overlay/renderer.cpp')
  
C:\Users\ncomp\source\repos\external2\Seraph\features\esp.h(960,37): warning C4244: 'initializing': conversion from 'ImU32' to 'const float', possible loss of data [C:\Users\ncomp\source\repos\external2\Seraph\Seraph.vcxproj]
  (compiling source file 'overlay/renderer.cpp')
  
C:\Users\ncomp\source\repos\external2\Seraph\features\esp.h(973,53): warning C4244: 'argument': conversion from 'const float' to 'ImU32', possible loss of data [C:\Users\ncomp\source\repos\external2\Seraph\Seraph.vcxproj]
  (compiling source file 'overlay/renderer.cpp')
  
C:\Users\ncomp\source\repos\external2\Seraph\features\crosshair.h(19,16): warning C4244: 'initializing': conversion from 'double' to 'float', possible loss of data [C:\Users\ncomp\source\repos\external2\Seraph\Seraph.vcxproj]
  (compiling source file 'overlay/renderer.cpp')
  
C:\Users\ncomp\source\repos\external2\Seraph\overlay\renderer.cpp(1031,89): warning C4244: 'argument': conversion from 'double' to 'float', possible loss of data [C:\Users\ncomp\source\repos\external2\Seraph\Seraph.vcxproj]
C:\Users\ncomp\source\repos\external2\Seraph\overlay\renderer.cpp(1031,52): warning C4244: 'argument': conversion from 'double' to 'float', possible loss of data [C:\Users\ncomp\source\repos\external2\Seraph\Seraph.vcxproj]
C:\Users\ncomp\source\repos\external2\Seraph\overlay\renderer.cpp(1059,42): warning C4244: 'argument': conversion from 'double' to 'float', possible loss of data [C:\Users\ncomp\source\repos\external2\Seraph\Seraph.vcxproj]
C:\Users\ncomp\source\repos\external2\Seraph\overlay\renderer.cpp(1060,42): warning C4244: 'argument': conversion from 'double' to 'float', possible loss of data [C:\Users\ncomp\source\repos\external2\Seraph\Seraph.vcxproj]
C:\Users\ncomp\source\repos\external2\Seraph\overlay\renderer.cpp(1237,53): warning C4244: 'initializing': conversion from 'double' to 'float', possible loss of data [C:\Users\ncomp\source\repos\external2\Seraph\Seraph.vcxproj]
C:\Users\ncomp\source\repos\external2\Seraph\overlay\renderer.cpp(1244,53): warning C4244: 'initializing': conversion from 'double' to 'float', possible loss of data [C:\Users\ncomp\source\repos\external2\Seraph\Seraph.vcxproj]
  Generating code
  Previous IPDB not found, fall back to full compilation.
  All 5949 functions were compiled because no usable IPDB/IOBJ from previous compilation was found.
  Finished generating code
  Seraph.vcxproj -> C:\Users\ncomp\source\repos\external2\build\Seraph.exe
