c:\users\ncomp\source\repos\backupexternal\seraph\build\release\shit\vc143.pdb
c:\users\ncomp\source\repos\backupexternal\seraph\build\release\shit\renderer.obj
c:\users\ncomp\source\repos\backupexternal\seraph\build\release\shit\imgui_widgets.obj
c:\users\ncomp\source\repos\backupexternal\seraph\build\release\shit\imgui_tables.obj
c:\users\ncomp\source\repos\backupexternal\seraph\build\release\shit\imgui_impl_win32.obj
c:\users\ncomp\source\repos\backupexternal\seraph\build\release\shit\imgui_impl_dx11.obj
c:\users\ncomp\source\repos\backupexternal\seraph\build\release\shit\imgui_draw.obj
c:\users\ncomp\source\repos\backupexternal\seraph\build\release\shit\imgui_demo.obj
c:\users\ncomp\source\repos\backupexternal\seraph\build\release\shit\imgui.obj
c:\users\ncomp\source\repos\backupexternal\seraph\build\release\shit\lua_editor.obj
c:\users\ncomp\source\repos\backupexternal\seraph\build\release\shit\properties_window.obj
c:\users\ncomp\source\repos\backupexternal\seraph\build\release\shit\explorer_window.obj
c:\users\ncomp\source\repos\backupexternal\seraph\build\release\shit\icons.obj
c:\users\ncomp\source\repos\backupexternal\seraph\build\release\shit\widgets.obj
c:\users\ncomp\source\repos\backupexternal\seraph\build\release\shit\scriptbytecode.obj
c:\users\ncomp\source\repos\backupexternal\seraph\build\release\shit\valuebase.obj
c:\users\ncomp\source\repos\backupexternal\seraph\build\release\shit\preview3d_impl.obj
c:\users\ncomp\source\repos\backupexternal\seraph\build\release\shit\playeravatars.obj
c:\users\ncomp\source\repos\backupexternal\seraph\build\release\shit\stb_image_impl.obj
c:\users\ncomp\source\repos\backupexternal\seraph\build\release\shit\main.obj
c:\users\ncomp\source\repos\backupexternal\seraph\build\release\shit\memorymanager.obj
c:\users\ncomp\source\repos\backupexternal\seraph\build\release\shit\stealth_integration.obj
c:\users\ncomp\source\repos\backupexternal\seraph\build\release\shit\dma_controller.obj
c:\users\ncomp\source\repos\backupexternal\seraph\build\release\shit\byovd_client.obj
c:\users\ncomp\source\repos\backupexternal\seraph\build\release\shit\stealth_core.obj
c:\users\ncomp\source\repos\backupexternal\seraph\build\release\shit\tray.obj
c:\users\ncomp\source\repos\backupexternal\seraph\build\release\shit\executor.obj
c:\users\ncomp\source\repos\backupexternal\seraph\build\release\shit\injector.obj
c:\users\ncomp\source\repos\backupexternal\seraph\build\release\shit\valuetracking.obj
c:\users\ncomp\source\repos\backupexternal\seraph\build\release\shit\types.obj
c:\users\ncomp\source\repos\backupexternal\seraph\build\release\shit\tableshape.obj
c:\users\ncomp\source\repos\backupexternal\seraph\build\release\shit\lcode.obj
c:\users\ncomp\source\repos\backupexternal\seraph\build\release\shit\costmodel.obj
c:\users\ncomp\source\repos\backupexternal\seraph\build\release\shit\constantfolding.obj
c:\users\ncomp\source\repos\backupexternal\seraph\build\release\shit\compiler.obj
c:\users\ncomp\source\repos\backupexternal\seraph\build\release\shit\bytecodebuilder.obj
c:\users\ncomp\source\repos\backupexternal\seraph\build\release\shit\builtins.obj
c:\users\ncomp\source\repos\backupexternal\seraph\build\release\shit\builtinfolding.obj
c:\users\ncomp\source\repos\backupexternal\seraph\build\release\shit\timetrace.obj
c:\users\ncomp\source\repos\backupexternal\seraph\build\release\shit\stringutils.obj
c:\users\ncomp\source\repos\backupexternal\seraph\build\release\shit\prettyprinter.obj
c:\users\ncomp\source\repos\backupexternal\seraph\build\release\shit\parser.obj
c:\users\ncomp\source\repos\backupexternal\seraph\build\release\shit\location.obj
c:\users\ncomp\source\repos\backupexternal\seraph\build\release\shit\lexer.obj
c:\users\ncomp\source\repos\backupexternal\seraph\build\release\shit\cst.obj
c:\users\ncomp\source\repos\backupexternal\seraph\build\release\shit\confusables.obj
c:\users\ncomp\source\repos\backupexternal\seraph\build\release\shit\ast.obj
c:\users\ncomp\source\repos\backupexternal\seraph\build\release\shit\allocator.obj
c:\users\ncomp\source\repos\backupexternal\seraph\build\release\shit\loslib.obj
c:\users\ncomp\source\repos\backupexternal\seraph\build\release\shit\lobject.obj
c:\users\ncomp\source\repos\backupexternal\seraph\build\release\shit\lnumprint.obj
c:\users\ncomp\source\repos\backupexternal\seraph\build\release\shit\lmem.obj
c:\users\ncomp\source\repos\backupexternal\seraph\build\release\shit\lmathlib.obj
c:\users\ncomp\source\repos\backupexternal\seraph\build\release\shit\linit.obj
c:\users\ncomp\source\repos\backupexternal\seraph\build\release\shit\lgcdebug.obj
c:\users\ncomp\source\repos\backupexternal\seraph\build\release\shit\lgc.obj
c:\users\ncomp\source\repos\backupexternal\seraph\build\release\shit\lfunc.obj
c:\users\ncomp\source\repos\backupexternal\seraph\build\release\shit\ldo.obj
c:\users\ncomp\source\repos\backupexternal\seraph\build\release\shit\ldebug.obj
c:\users\ncomp\source\repos\backupexternal\seraph\build\release\shit\ldblib.obj
c:\users\ncomp\source\repos\backupexternal\seraph\build\release\shit\lcorolib.obj
c:\users\ncomp\source\repos\backupexternal\seraph\build\release\shit\lbuiltins.obj
c:\users\ncomp\source\repos\backupexternal\seraph\build\release\shit\lbuflib.obj
c:\users\ncomp\source\repos\backupexternal\seraph\build\release\shit\lbuffer.obj
c:\users\ncomp\source\repos\backupexternal\seraph\build\release\shit\lbitlib.obj
c:\users\ncomp\source\repos\backupexternal\seraph\build\release\shit\lbaselib.obj
c:\users\ncomp\source\repos\backupexternal\seraph\build\release\shit\laux.obj
c:\users\ncomp\source\repos\backupexternal\seraph\build\release\shit\lapi.obj
c:\users\ncomp\source\repos\backupexternal\seraph\build\release\shit\lvmutils.obj
c:\users\ncomp\source\repos\backupexternal\seraph\build\release\shit\lvmload.obj
c:\users\ncomp\source\repos\backupexternal\seraph\build\release\shit\lvmexecute.obj
c:\users\ncomp\source\repos\backupexternal\seraph\build\release\shit\lveclib.obj
c:\users\ncomp\source\repos\backupexternal\seraph\build\release\shit\lutf8lib.obj
c:\users\ncomp\source\repos\backupexternal\seraph\build\release\shit\ludata.obj
c:\users\ncomp\source\repos\backupexternal\seraph\build\release\shit\ltm.obj
c:\users\ncomp\source\repos\backupexternal\seraph\build\release\shit\ltablib.obj
c:\users\ncomp\source\repos\backupexternal\seraph\build\release\shit\ltable.obj
c:\users\ncomp\source\repos\backupexternal\seraph\build\release\shit\lstrlib.obj
c:\users\ncomp\source\repos\backupexternal\seraph\build\release\shit\lstring.obj
c:\users\ncomp\source\repos\backupexternal\seraph\build\release\shit\lstate.obj
c:\users\ncomp\source\repos\backupexternal\seraph\build\release\shit\lperf.obj
c:\users\ncomp\source\repos\backupexternal\seraph\build\release\shit\zstd_decompress_block.obj
c:\users\ncomp\source\repos\backupexternal\seraph\build\release\shit\zstd_decompress.obj
c:\users\ncomp\source\repos\backupexternal\seraph\build\release\shit\zstd_ddict.obj
c:\users\ncomp\source\repos\backupexternal\seraph\build\release\shit\huf_decompress.obj
c:\users\ncomp\source\repos\backupexternal\seraph\build\release\shit\zstd_common.obj
c:\users\ncomp\source\repos\backupexternal\seraph\build\release\shit\xxhash.obj
c:\users\ncomp\source\repos\backupexternal\seraph\build\release\shit\error_private.obj
c:\users\ncomp\source\repos\backupexternal\seraph\build\release\shit\entropy_common.obj
c:\users\ncomp\source\repos\backupexternal\seraph\build\release\shit\debug.obj
c:\users\ncomp\source\repos\backupexternal\seraph\build\release\shit\fse_decompress.obj
c:\users\ncomp\source\repos\backupexternal\seraph\build\release\fleasion-v2.4.0-windows.exe
c:\users\ncomp\source\repos\backupexternal\seraph\build\release\fleasion-v2.4.0-windows.pdb
c:\users\ncomp\source\repos\backupexternal\seraph\build\release\shit\luck.obj
c:\users\ncomp\source\repos\backupexternal\seraph\build\release\shit\seraph.res
c:\users\ncomp\source\repos\backupexternal\seraph\build\release\shit\fleasion-v2.4.0-windows.ipdb
c:\users\ncomp\source\repos\backupexternal\seraph\build\release\shit\fleasion-v2.4.0-windows.iobj
c:\users\ncomp\source\repos\backupexternal\seraph\build\release\shit\seraph.vcxproj.filelistabsolute.txt
c:\users\ncomp\source\repos\backupexternal\seraph\build\release\shit\seraph.tlog\cl.command.1.tlog
c:\users\ncomp\source\repos\backupexternal\seraph\build\release\shit\seraph.tlog\cl.items.tlog
c:\users\ncomp\source\repos\backupexternal\seraph\build\release\shit\seraph.tlog\cl.read.1.tlog
c:\users\ncomp\source\repos\backupexternal\seraph\build\release\shit\seraph.tlog\cl.write.1.tlog
c:\users\ncomp\source\repos\backupexternal\seraph\build\release\shit\seraph.tlog\link.command.1.tlog
c:\users\ncomp\source\repos\backupexternal\seraph\build\release\shit\seraph.tlog\link.read.1.tlog
c:\users\ncomp\source\repos\backupexternal\seraph\build\release\shit\seraph.tlog\link.secondary.1.tlog
c:\users\ncomp\source\repos\backupexternal\seraph\build\release\shit\seraph.tlog\link.write.1.tlog
c:\users\ncomp\source\repos\backupexternal\seraph\build\release\shit\seraph.tlog\masm.read.1u.tlog
c:\users\ncomp\source\repos\backupexternal\seraph\build\release\shit\seraph.tlog\masm.write.1u.tlog
c:\users\ncomp\source\repos\backupexternal\seraph\build\release\shit\seraph.tlog\rc.command.1.tlog
c:\users\ncomp\source\repos\backupexternal\seraph\build\release\shit\seraph.tlog\rc.read.1.tlog
c:\users\ncomp\source\repos\backupexternal\seraph\build\release\shit\seraph.tlog\rc.write.1.tlog
